// Jest Snapshot v1, https://goo.gl/fbAQLP

exports[`tests for GifItem component should match with the snapshot 1`] = `
<div>
  <div
    class="card"
  >
    <img
      alt="A title"
      src="https://localhost/image.jpg"
    />
    <p>
      A title
    </p>
  </div>
</div>
`;
